// Jest Snapshot v1, https://goo.gl/fbAQLP

exports[`Modal should render correctly 1`] = `
<div
  aria-modal="true"
  className="background"
  onClick={[Function]}
  role="dialog"
>
  <div
    className="modal"
  >
    <button
      className="closeButton"
      onClick={[MockFunction]}
      type="button"
    >
      X
    </button>
    <div>
      Some Content
    </div>
  </div>
</div>
`;
